
> vellum@0.1.0 build
> next build

Γû▓ Next.js 16.1.6 (Turbopack)
- Environments: .env.local

  Creating an optimized production build ...
Γ£ô Compiled successfully in 25.9s
  Running TypeScript ...
  Collecting page data using 7 workers ...
node.exe : 
MongoParseError: 
Invalid scheme, 
expected connection 
string to start with 
"mongodb://" or 
"mongodb+srv://"
At C:\Program Files\nod
ejs\npm.ps1:29 char:3
+   & $NODE_EXE 
$NPM_CLI_JS $args
+   ~~~~~~~~~~~~~~~~~~~
~~~~~~~~~~
    + CategoryInfo     
         : NotSpecifi  
  ed: (MongoParseErr   
 or...mongodb+srv:/    
/":String) [], Rem    
oteException
    + FullyQualifiedEr 
   rorId : NativeComm  
  andError
 
    at module 
evaluation (C:\Users\US
ER\Desktop\Wed developm
ent\vellum\.next\server
\chunks\[root-of-the-se
rver]__54597469._.js:34
:49424)
    at 
instantiateModule (C:\U
sers\USER\Desktop\Wed d
evelopment\vellum\.next
\server\chunks\[turbopa
ck]_runtime.js:740:9)
    at instantiateRunti
meModule (C:\Users\USER
\Desktop\Wed developmen
t\vellum\.next\server\c
hunks\[turbopack]_runti
me.js:768:12)
    at getOrInstantiate
RuntimeModule (C:\Users
\USER\Desktop\Wed devel
opment\vellum\.next\ser
ver\chunks\[turbopack]_
runtime.js:781:12)
    at Object.m (C:\Use
rs\USER\Desktop\Wed dev
elopment\vellum\.next\s
erver\chunks\[turbopack
]_runtime.js:790:18)
    at 
Object.<anonymous> (C:\
Users\USER\Desktop\Wed 
development\vellum\.nex
t\server\app\api\auth\[
...nextauth]\route.js:6
:3)

> Build error occurred
Error: Failed to 
collect page data for 
/api/auth/[...nextauth]
    at ignore-listed 
frames {
  type: 'Error'
}
